---
source: crates/ty_server/tests/e2e/folding_range.rs
expression: ranges
---
[
  {
    "startLine": 4,
    "startCharacter": 0,
    "endLine": 5,
    "endCharacter": 8
  },
  {
    "startLine": 0,
    "startCharacter": 0,
    "endLine": 2,
    "endCharacter": 32,
    "kind": "comment"
  },
  {
    "startLine": 7,
    "startCharacter": 0,
    "endLine": 8,
    "endCharacter": 19,
    "kind": "comment"
  }
]
